≡ƒÜÇ Starting Delhivery API Verification Suite...

≡ƒôª 1. Testing AWB Creation...
Create Response: {
  "rmk": "ClientWarehouse matching query does not exist.",
  "error": true,
  "success": false,
  "cash_pickups_count": 0,
  "cash_pickups": 0,
  "cod_count": 0,
  "package_count": 0,
  "upload_wbn": null,
  "replacement_count": 0,
  "cod_amount": 0,
  "prepaid_count": 0,
  "pickups_count": 0,
  "packages": []
}
